// Jest Snapshot v1, https://goo.gl/fbAQLP

exports[`Story Snapshots: Basic should match snapshot 1`] = `
<View
  style={
    {
      "backgroundColor": "#FDFDFC",
    }
  }
  testID="searchbox"
>
  <A11yOrderView
    orderKey="«r4»"
  >
    <A11yIndexView
      importantForAccessibility="yes"
      orderFocusType={0}
      orderIndex={1}
      orderKey="«r4»"
    >
      <View
        style={
          [
            {
              "gap": 4,
              "marginBottom": 10,
            },
            {
              "marginBottom": 16,
              "marginHorizontal": 12,
              "marginTop": 16,
            },
          ]
        }
      >
        <View
          accessible={false}
          style={
            {
              "justifyContent": "center",
              "position": "relative",
            }
          }
        >
          <TextInput
            accessibilityLabel=""
            accessible={true}
            autoCapitalize="none"
            autoCorrect={false}
            blurOnSubmit={true}
            keyboardAppearance="light"
            onBlur={[Function]}
            onChangeText={[Function]}
            onFocus={[Function]}
            placeholder="Search"
            placeholderTextColor="#8FA096"
            returnKeyType="search"
            style={
              [
                {
                  "color": "#16211A",
                },
                [
                  {
                    "backgroundColor": "transparent",
                    "borderRadius": 16,
                    "borderWidth": 1.5,
                    "fontFamily": "Inter",
                    "fontSize": 16,
                    "fontWeight": "400",
                    "minHeight": 54,
                    "paddingHorizontal": 16,
                    "paddingVertical": 14,
                    "textAlign": "left",
                  },
                  {
                    "paddingLeft": 45,
                  },
                  {},
                  {
                    "backgroundColor": "#FDFDFC",
                    "borderColor": "#E1E7E1",
                    "color": "#16211A",
                  },
                  {},
                  {},
                  [
                    {
                      "borderRadius": 14,
                      "borderWidth": 0,
                      "fontSize": 15,
                      "height": 42,
                      "minHeight": 42,
                      "paddingVertical": 0,
                    },
                    {
                      "backgroundColor": "#ECEFEB",
                    },
                  ],
                ],
                {
                  "textAlign": "auto",
                },
              ]
            }
            underlineColorAndroid="transparent"
            value=""
          />
          <Text
            allowFontScaling={false}
            selectable={false}
            style={
              [
                {
                  "color": "#5C6B61",
                  "fontSize": 20,
                },
                [
                  {
                    "lineHeight": 20,
                  },
                  [
                    {
                      "position": "absolute",
                    },
                    {
                      "left": 12,
                    },
                  ],
                ],
                {
                  "fontFamily": "custom",
                  "fontStyle": "normal",
                  "fontWeight": "normal",
                },
                {},
              ]
            }
          >
            
          </Text>
        </View>
      </View>
    </A11yIndexView>
  </A11yOrderView>
</View>
`;
